# D5c-1 halmos run
# date_utc: 2026-09-13T10:34:24Z
# git_head: 3c28ec21e25c7944fda6380aff40c8d289724cf5  dirty_src: 0
# halmos: halmos 0.3.3
# forge: forge Version: 1.7.1
# FOUNDRY_PROFILE: <unset> (= default)
# command: halmos --contract XPNTsV2RateHalmosTest --panic-error-codes '*' --match-test ^check_RATE_base
# (trimmed: 5519 lines of compiler / Halmos parse warnings omitted)
Running 2 tests for contracts/test/halmos/XPNTsV2Halmos.t.sol:XPNTsV2RateHalmosTest
[32m[PASS][0m check_RATE_base_initialize() (paths: 4, time: 0.11s, bounds: [])
WARNING  unknown deployed bytecode:                                             
         0x6080806040526004361015610012575f80fd5b5f905f3560e01c9081621b4db814611
         71d5750806306433b1b146116da57806308c2ddcd146116995780630ad026dd146115b7
         5780630ff654141461159a5780632598c32a146114a45780632a5c792a146113dc57806
         332794a4f14611381578063358064a81461130957806335fa61fa146112af578063382c
         8036146111de578063433428fc1461114b5780634a3cbc551461112557806354fd4d501
         46110c2578063594a6f23146110a557806359734e1a146110a55780635ae48ba4146110
         7f5780635c60da1b1461103c57806367d7bc06146110135780636889441114610fbd578
         063715018a614610f66578063737a4fef14610f3f5780637ade132c14610ebb5780638d
         a5cb5b14610e965780638dbb03b11461088e578063931c706514610e75578063937aa20
         214610daf578063954ebd3b1461090c57806396e28d28146108cf5780639bb0f5991461
         0893578063a121377a1461088e578063a137891e1461086b578063a55097581461079d5
         78063ab7984491461051e578063ae9a6d6f146106ff578063b2bcfd34146106d3578063
         b8d7b66914610699578063be382cdb146105d6578063d970edbd14610597578063df74d
         ee514610575578063df9a70ea1461051e578063ec81aadb146104db578063f2fde38b14
         6104555763f6cce89914610201575f80fd5b34610452576040366003190112610452576
         1021a611737565b60243567ffffffffffffffff8111610450576102426001600160a01b
         0391369060040161186c565b91909261024d611ac0565b1691828452600460205260ff6
         04085205416156104415781151580610421575b61041257828452600c60205260408420
         67ffffffffffffffff83116103fe57610296815461174d565b601f81116103ac575b508
         4601f84116001146103255791604091847f574f3ea27e1d303444a64d09b26a6e5a6260
         93a6af7e469056593ab35c2140649594889161031a575b508460011b905f198660031b1
         c19161790555b8282519384926020845281602085015284840137818101830187905260
         1f01601f19168101030190a280f35b90508201355f6102db565b8186526020862090601
         f198516875b81811061039457509160409391867f574f3ea27e1d303444a64d09b26a6e
         5a626093a6af7e469056593ab35c2140649796941061037b575b5050600184811b01905
         56102ee565b8301355f19600387901b60f8161c191690555f8061036c565b9192602060
         0181928689013581550194019201610334565b8381111561029f5781865260208620601
         f850160051c90602086106103f6575b81601f9101920160051c0390865b8281106103e8
         57505061029f565b8088600192840155016103da565b8791506103cc565b634e487b716
         0e01b85526041600452602485fd5b637bab371560e11b8452600484fd5b5060ff604051
         83838237602081858101600b81520301902054161561026d565b63fefa4dc960e01b845
         2600484fd5b825b80fd5b5034610452576020366003190112610452576001600160a01b
         03610477611737565b61047f611ac0565b1680156104c75781546001600160a01b03198
         116821783556001600160a01b03167f8be0079c531659141344cd1fd0a4f28419497f97
         22a3daafe3b4186f6b6457e08380a380f35b631e4fbdf760e01b8252600482905260248
         2fd5b503461045257602036600319011261045257600435906006548210156104525760
         206001600160a01b0361050e8461189a565b90549060031b1c16604051908152f35b503
         4610452576020366003190112610452576004359067ffffffffffffffff821161045257
         602080806105543660048701611803565b604051928184925191829101835e810160078
         1520301902054604051908152f35b5034610452578060031936011261045257602061ff
         ff600a5416604051908152f35b503461045257602036600319011261045257600160016
         0a01b036105b9611737565b6105c1611ac0565b166001600160a01b0319600254161760
         025580f35b5034610452576020366003190112610452576105f0611737565b906001600
         160a01b03821681526005602052604081209060405161061381611785565b6106448354
         80835260018501549081602085015260606003600288015497604087019889520154940
         19384526118c6565b92601e840292848404601e1485151715610685575061066460a095
         6119fb565b9051915192604051948552602085015260408401526060830152608082015
         2f35b634e487b7160e01b81526011600452602490fd5b50346104525760203660031901
         12610452576001600160a01b036040602092826106c1611737565b16815260038452205
         416604051908152f35b50346104525760203660031901126104525760206106f76106f2
         611737565b6119fb565b604051908152f35b50346104525760203660031901126104525
         760406080916001600160a01b03610726611737565b826060855161073481611785565b
         82815282602082015282878201520152168152600560205220604051610759816117855
         65b81549182825260018101546020830190815260606003600284015493604086019485
         5201549301928352604051938452516020840152516040830152516060820152f35b503
         46104525760403660031901126104525760043567ffffffffffffffff81116108675761
         07cf903690600401611803565b602435906107db611ac0565b81158015610856575b610
         8475760207f4bea76f3309d60543efdcea3904bba05cd2c7a2e58668e7de988d525fd6a
         3f969160405190848151928481818501958087835e81016007815203019020556040519
         18291518091835e810186815203902092604051908152a280f35b631bc4bcf760e21b83
         52600483fd5b50678ac7230489e8000082116107e4565b5080fd5b50346104525780600
         3193601126104525760206040516714d1120d7b1600008152f35b611849565b50346104
         52576020366003190112610452576001600160a01b036040602092826108bb611737565
         b168152600384522054161515604051908152f35b503461045257602036600319011261
         04525760ff60406020926001600160a01b036108f8611737565b1681526004845220541
         66040519015158152f35b5034610d1c5760c0366003190112610d1c5760043567ffffff
         ffffffffff8111610d1c5761093e903690600401611803565b60243567fffffffffffff
         fff8111610d1c5761095e903690600401611803565b60443567ffffffffffffffff8111
         610d1c5761097e903690600401611803565b9160643567ffffffffffffffff8111610d1
         c5761099f903690600401611803565b6084359360a435946001600160a01b0386168096
         03610d1c57604051632474521560e21b81527fe94d78b6d8fb99b2c21131eb4552924a6
         0f564d8515a3cc90ef300fc9735c07460048201523360248201526020816044817f0000
         0000000000000000000000000000000000000000000000000000aaaa00086001600160a
         01b03165afa908115610d11575f91610d74575b5015610d6557335f5260036020526001
         600160a01b0360405f205416610d52578015610d43576e5af43d82803e903d91602b57f
         d5bf37f00000000000000000000000000000000000000000000000000000000aaaa000b
         763d602d80600a3d3981f3363d3d373d3d3d363d7300000062ffffff8260881c16175f5
         260781b176020526001600160a01b03603760095ff016958615610d34576001600160a0
         1b0360015416916001600160a01b036002541660405192610140840184811067fffffff
         fffffffff821117610d2057604052878452602084019489865260408501973389526060
         860198338a526080870198895260a0870191825260c0870195865260e08701928352610
         100870193845261012087019485528c3b15610d1c578c986040519a8b998a99633747a9
         5b60e21b8b5260048b01602090525160248b0161014090526101648b01610b83916117c
         3565b90518a82036023190160448c0152610b9b91906117c3565b92516001600160a01b
         031660648a0152516001600160a01b0316608489015251906023198882030160a489015
         2610bd1916117c3565b90518682036023190160c4880152610be991906117c3565b9351
         60e4860152516001600160a01b0316610104850152516001600160a01b0316610124840
         152516001600160a01b031661014483015203815a5f948591f18015610d1157610cfc57
         5b5033845260036020526040842080546001600160a01b0319168417905560065468010
         0000000000000008110156103fe57610ce38493926040602097610ca08560017fabfc2c
         b9c596be68324e2badae1694b9003727b1c82695e6c2cfa7ad8a5875929701600655611
         89a565b81549060031b906001600160a01b038a831b921b191617905586815260048952
         20600160ff19825416179055610cf16040519283926040845260408401906117c3565b8
         281038984015233956117c3565b0390a3604051908152f35b610d099194505f906117a1
         565b5f925f610c33565b6040513d5f823e3d90fd5b5f80fd5b634e487b7160e01b5f526
         04160045260245ffd5b6330be1a3d60e21b5f5260045ffd5b630e52390960e41b5f5260
         045ffd5b6329ab51bf60e01b5f523360045260245ffd5b631e82e51960e01b5f5260045
         ffd5b90506020813d602011610da7575b81610d8f602093836117a1565b81010312610d
         1c57518015158103610d1c575f610a31565b3d9150610d82565b34610d1c57604036600
         3190112610d1c5760043567ffffffffffffffff8111610d1c57610de090369060040161
         186c565b60243591610dec611ac0565b6c0c9f2c9cd04674edea400000008311610d435
         77f0fa6b73052e306e24d4e65db9a430e3890436d6a8d6f7647898646aa7bbaa28d9160
         20918460405183838237848185810160098152030190205560405182828237838184810
         1600b815203019020600160ff1982541617905581604051928392833781015f81520390
         2092604051908152a2005b34610d1c575f366003190112610d1c57602060405166038d7
         ea4c680008152f35b34610d1c575f366003190112610d1c5760206001600160a01b035f
         5416604051908152f35b34610d1c576020366003190112610d1c576001600160a01b036
         10edc611737565b610ee4611ac0565b168015610f2d57600154816001600160a01b0382
         167f8c48ef656e85255b7e51330f2d5bca7663b2f2f34d2d812c43f780c7c852fd175f8
         0a36001600160a01b03191617600155005b634726455360e11b5f5260045260245ffd5b
         34610d1c575f366003190112610d1c5760206040516c0c9f2c9cd04674edea400000008
         152f35b34610d1c575f366003190112610d1c57610f7e611ac0565b5f80546001600160
         a01b0319811682556001600160a01b03167f8be0079c531659141344cd1fd0a4f284194
         97f9722a3daafe3b4186f6b6457e08280a3005b34610d1c576020366003190112610d1c
         5760043567ffffffffffffffff8111610d1c57602080610ff2819336906004016118035
         65b604051928184925191829101835e8101600981520301902054604051908152f35b34
         610d1c576040366003190112610d1c5761102c611ac0565b61103a6024356004356118d
         9565b005b34610d1c575f366003190112610d1c5760206040516001600160a01b037f00
         000000000000000000000000000000000000000000000000000000aaaa000b168152f35
         b34610d1c575f366003190112610d1c5760206001600160a01b03600154166040519081
         52f35b34610d1c575f366003190112610d1c576020600854604051908152f35b34610d1
         c575f366003190112610d1c576111216040516110e36040826117a1565b601581527f78
         504e5473466163746f72792d332e302e302d76320000000000000000000000602082015
         26040519182916020835260208301906117c3565b0390f35b34610d1c575f3660031901
         12610d1c5760206001600160a01b0360025416604051908152f35b34610d1c576020366
         003190112610d1c5760043561ffff8116809103610d1c57611173611ac0565b80158015
         6111d3575b6111c45760407fa02c50e0f4c9c39686d753f1483900ff6da6ffaf4913461
         1fdcfc0986e1e6f8c91600a54908061ffff19831617600a5561ffff8351921682526020
         820152a1005b6377eb097760e01b5f5260045ffd5b50612710811161117c565b34610d1
         c576080366003190112610d1c5760043560443560643581620f42408411610d43576003
         92156112a0575b8115611290575b6040519361122085611785565b84526020840160243
         581526040850191825260608501928352335f52600560205260405f2094518555516001
         85015551600284015551910155611262336119fb565b6040519081527f2b4eaa806f1ef
         4367c0f395b151c87df87dcd9a99bdfa956df2e02a9a24d805e60203392a2005b6714d1
         120d7b1600009150611213565b50670de0b6b3a764000061120c565b34610d1c5760203
         66003190112610d1c576001600160a01b036112d0611737565b165f5260056020526080
         60405f20805490600181015490600360028201549101549160405193845260208401526
         0408301526060820152f35b34610d1c576080366003190112610d1c5760043560443567
         ffffffffffffffff8111610d1c5761133d903690600401611803565b606435620f42408
         311610d43576040518251600393602091839181908401835e8101600781520301902054
         80156112a0578115611290576040519361122085611785565b34610d1c5760203660031
         90112610d1c5760043567ffffffffffffffff8111610d1c5760ff6020806113b8819436
         90600401611803565b604051928184925191829101835e8101600b81520301902054166
         040519015158152f35b34610d1c575f366003190112610d1c5760405180602060065492
         83815201809260065f527ff652222313e28459528d920b65115c16c04f3efc82aaedc97
         be59f3f377c0d3f905f5b818110611485575050508161143a9103826117a1565b604051
         918291602083019060208452518091526040830191905f5b81811061146357505050039
         0f35b82516001600160a01b031684528594506020938401939092019160010161145556
         5b82546001600160a01b0316845260209093019260019283019201611424565b34610d1
         c576020366003190112610d1c576004356114c0611ac0565b66038d7ea4c68000811080
         15611588575b611558576008549081158015611518575b7ffcc60d1b1dedb59d33b8eef
         97db5a70c8f8f8523c70d6a027dbf676f1290f8d2604084848060085582519182526020
         820152a1005b611b588302838104611b5814821715611574576132c8840291848304613
         2c81417156115745761271090048210908115611566575b5061155857826114e2565b62
         bfc92160e01b5f5260045ffd5b61271091500481118361154d565b634e487b7160e01b5
         f52601160045260245ffd5b5068056bc75e2d6310000081116114d1565b34610d1c575f
         366003190112610d1c576020600654604051908152f35b34610d1c57602036600319011
         2610d1c576001600160a01b036115d8611737565b165f52600c60205260405f20604051
         905f908054906115f68261174d565b80855291600181169081156116725750600114611
         632575b6111218461161e818603826117a1565b60405191829160208352602083019061
         17c3565b5f90815260208120939250905b8082106116585750909150810160200161161
         e8261160e565b91926001816020925483858801015201910190929161163f565b60ff19
         1660208087019190915292151560051b8501909201925061161e915083905061160e565
         b34610d1c576020366003190112610d1c576001600160a01b036116ba611737565b165f
         52600360205260206001600160a01b0360405f205416604051908152f35b34610d1c575
         f366003190112610d1c5760206040516001600160a01b037f0000000000000000000000
         0000000000000000000000000000000000aaaa0008168152f35b34610d1c575f3660031
         90112610d1c5780610bb860209252f35b600435906001600160a01b0382168203610d1c
         57565b90600182811c9216801561177b575b602083101461176757565b634e487b7160e
         01b5f52602260045260245ffd5b91607f169161175c565b6080810190811067ffffffff
         ffffffff821117610d2057604052565b90601f8019910116810190811067fffffffffff
         fffff821117610d2057604052565b805180835260209291819084018484015e5f828201
         840152601f01601f1916010190565b67ffffffffffffffff8111610d2057601f01601f1
         91660200190565b81601f82011215610d1c5780359061181a826117e7565b9261182860
         405194856117a1565b82845260208383010111610d1c57815f926020809301838601378
         301015290565b34610d1c575f366003190112610d1c57602060405168056bc75e2d6310
         00008152f35b9181601f84011215610d1c5782359167ffffffffffffffff8311610d1c5
         760208381860195010111610d1c57565b6006548110156118b25760065f5260205f2001
         905f90565b634e487b7160e01b5f52603260045260245ffd5b818102929181159184041
         4171561157457565b90600654808310156119f657828103908111611574578082101561
         19ef57505b810190818111611574576001600160a01b0360015416905b82811061191d5
         7505050565b80826001600160a01b0361193260019461189a565b90549060031b1c165f
         8060405160208101906395483c1560e01b8252856024820152602481526119636044826
         117a1565b519082855af13d156119ea573d611979816117e7565b906119876040519283
         6117a1565b81525f60203d92013e5b156119c1577f41c3159aaba10d821e771f08c4f9f
         3370426fd58cb304fdbd96b5b9e75c872d15f80a35b01611911565b7f5d4bb2355e56aa
         b4ce3c351d050e2a54fb3096e84130577503d5f4b940e0e59e5f80a36119bb565b61199
         1565b90506118f9565b505050565b6001600160a01b03165f52600560205260405f2060
         4051611a1b81611785565b8154808252600183015480602084015260606003600286015
         49560408601968752015493019283528115611aaf57611a52916118c6565b90601e8202
         91808304601e149015171561157457611a85611a8d926ec097ce7bc90715b34b9f10000
         000009451906118c6565b9051906118c6565b049068056bc75e2d631000008210611aa1
         57565b68056bc75e2d631000009150565b5050505068056bc75e2d6310000090565b600
         1600160a01b035f54163303611ad357565b63118cdaa760e01b5f523360045260245ffd
         fea164736f6c6343000821000a                                             
[32m[PASS][0m check_RATE_base_realFactory() (paths: 5, time: 0.36s, bounds: [])
Symbolic test result: 2 passed; 0 failed; time: 0.54s

# exit_code: 0  wall_seconds: 31
