# command: forge script contracts/script/v3/DeployAPNTsCapped.s.sol:DeployAPNTsCapped --sig verify(address,address) 0x9Eb17FAc022557F64924aA2F9E018dB3A330e1E7 0xb5600060e6de5E11D3636731964218E53caadf0E --rpc-url http://127.0.0.1:28631
# git HEAD: fb507e36367287f2746c99dc914be2072814a233
# forge: forge Version: 1.7.1
# utc: 2026-10-10T02:29:58Z
# exit code: 0
# (compiler output before line 2 omitted)
Script ran successfully.

== Logs ==
    cap = TEST_CAP_SEPOLIA = 10000000000000000000000000 (TEST VALUE - not a production cap)
  === verify APNTsCapped === 0x9Eb17FAc022557F64924aA2F9E018dB3A330e1E7
    [artifact] APNTsCapped current default profile (cancun, solc 0.8.33, runs 500, via_ir): out/APNTsCapped.sol/APNTsCapped.json
    [artifact] default artifact OK: APNTsCapped 0x9Eb17FAc022557F64924aA2F9E018dB3A330e1E7 5346
    [timelock] OK 0x11Cc8878C12DAfEe401FF4A3f5F7D2c4d4ed5D7c
      minDelay 172800; multisig proposer+canceller+executor; executor open: false
    [final] owner (timelock) 0x11Cc8878C12DAfEe401FF4A3f5F7D2c4d4ed5D7c
    [final] pendingOwner 0x0000000000000000000000000000000000000000
    [final] cap / totalSupply 10000000000000000000000000 0
    [final] minter / capGuardian 0x51eDf11fDb0A4F66220eFb8efA54Eca77232E114 0x51eDf11fDb0A4F66220eFb8efA54Eca77232E114
    [neg] reverted as expected: deployer mint
    [neg] reverted as expected: deployer raiseCap
    [neg] reverted as expected: deployer lowerCap
    [neg] reverted as expected: deployer transferOwnership
    [neg] reverted as expected: timelock renounceOwnership
    [pos] minter mint-to-cap / +1 wei rejected / owner raise / guardian lower: OK (rolled back)
  === verify: ALL PASS ===
