
=== setup: previous release (c30854f9) on chain ===
  SP proxy 0xdc64a140aa3e981100a9beca4e685f962f0cf6c9 (impl 0xcf7ed3acca5a467e9e704c703e8d87f634fb0fc9, "SuperPaymaster-5.5.0")
  Registry proxy 0x9fe46736679d2d9a65f0992f2272de9f3c7fa6e0 (impl 0xe7f1725e7734ce288f8367e1bb143e90bb3f0512, "Registry-5.8.0")
  TimelockController 0x5fc8d32690cc91d4c39d9d3abcbd16989f875707 (minDelay 172800 [1.728e5])

=== A / runbook 5c: UpgradeRegistryD5b (EOA) ===
    Registry read-back OK: impl / version / owner / pendingOwner == 0; version = Registry-5.9.0
    BLS three legs unchanged (SP / Registry / DVT): 0x0000000000000000000000000000000000000b15 0x0000000000000000000000000000000000000b15
    Registry: raw slots 0..N-1 byte-identical, N = 74
    5c done. Registry impl: 0x610178dA211FEF7D417bC0e6FeD39F05609AD788

=== A / runbook 5: SP rc -> D5b (EOA): deploy-impl + direct-upgrade ===
    SP impl ready (default build, immutables == live, headroom >= 1,024): 0xA51c1fc2f0D1a1b8494Ed1FE312d7C3a78Ed91C0 13571
    new implementation (pass as TL_NEW_IMPL): 0xA51c1fc2f0D1a1b8494Ed1FE312d7C3a78Ed91C0
    [artifact] SuperPaymasterAdmin extension OK (default build; entryPoint/REGISTRY/feed == core) 0x1F708C24a0D3A740cD47cC0444E9480899f3dA7D
    [artifact] SuperPaymasterAdmin extension OK (default build; entryPoint/REGISTRY/feed == core) 0x1F708C24a0D3A740cD47cC0444E9480899f3dA7D
    SuperPaymaster read-back OK: impl / version / owner / pendingOwner == 0; version = SuperPaymaster-5.5.0
    BLS three legs unchanged (SP / Registry / DVT): 0x0000000000000000000000000000000000000b15 0x0000000000000000000000000000000000000b15
    SuperPaymaster: raw slots 0..N-1 byte-identical, N = 65

=== B / M1: two-step transfer to the timelock + ONE scheduleBatch ===
  after step 1: SP.owner=0xf39Fd6e51aad88F6F4ce6aB8827279cffFb92266 pendingOwner=0x5FC8d32690cc91D4c39d9d3abcBD16989F875707
  negative ok: schedule-accept WITHOUT a roles attestation reverted (Error: script failed: roles attestation: missing (set TL_ROLES_ATTESTATION to the check-timelock-roles.mjs output))
attestation written: deployments/attestations/timelock-roles.d5b-rehearsal.before-M1.json (result PASS)
TIMELOCK ROLE CHECK OK: the event-history holder set of every role equals the manifest
    M1 batch scheduled; ready at: 1789634120
  negative ok: execute-accept before 48h reverted (Error: script failed: M1: batch not ready)
attestation written: deployments/attestations/timelock-roles.d5b-rehearsal.before-M1-execute.json (result PASS)
TIMELOCK ROLE CHECK OK: the event-history holder set of every role equals the manifest
    M1/M2 read-back OK: owners == timelock, pendingOwner == 0, guardian == SAFE, minDelay == 48h 0x5FC8d32690cc91D4c39d9d3abcBD16989F875707
  negative ok: old EOA owner upgradeToAndCall after M1 reverted (Error: Failed to estimate gas: server returned an error response: error code 3: execution reverted: custom error 0x118cdaa7: 00)

=== C / §10.7b C: timelock-aware upgrade (SP then Registry) ===
    SP impl ready (default build, immutables == live, headroom >= 1,024): 0x959922bE3CAee4b8Cd9a407cc3ac1C251C2007B1 13571
    new implementation (pass as TL_NEW_IMPL): 0x959922bE3CAee4b8Cd9a407cc3ac1C251C2007B1
  negative ok: schedule-upgrade SP WITHOUT a roles attestation reverted (Error: script failed: roles attestation: missing (set TL_ROLES_ATTESTATION to the check-timelock-roles.mjs output))
attestation written: deployments/attestations/timelock-roles.d5b-rehearsal.before-SP-upgrade.json (result PASS)
TIMELOCK ROLE CHECK OK: the event-history holder set of every role equals the manifest
    scheduled; ready at: 1789806928
  negative ok: execute-upgrade SP before 48h reverted (Error: script failed: execute: operation not ready (not scheduled)
attestation written: deployments/attestations/timelock-roles.d5b-rehearsal.before-SP-execute.json (result PASS)
TIMELOCK ROLE CHECK OK: the event-history holder set of every role equals the manifest
    [artifact] SuperPaymasterAdmin extension OK (default build; entryPoint/REGISTRY/feed == core) 0x24B3c7704709ed1491473F30393FFc93cFB0FC34
    SuperPaymaster read-back OK: impl / version / owner / pendingOwner == 0; version = SuperPaymaster-5.5.0
    BLS three legs unchanged (SP / Registry / DVT): 0x0000000000000000000000000000000000000b15 0x0000000000000000000000000000000000000b15
    SuperPaymaster: raw slots 0..N-1 byte-identical, N = 65
    Registry impl ready (default build, runs=200): 0x9A9f2CCfdE556A7E9Ff0848998Aa4a0CFD8863AE 23306
    new implementation (pass as TL_NEW_IMPL): 0x9A9f2CCfdE556A7E9Ff0848998Aa4a0CFD8863AE
  negative ok: schedule-upgrade REGISTRY WITHOUT a roles attestation reverted (Error: script failed: roles attestation: missing (set TL_ROLES_ATTESTATION to the check-timelock-roles.mjs output))
attestation written: deployments/attestations/timelock-roles.d5b-rehearsal.before-REGISTRY-upgrade.json (result PASS)
TIMELOCK ROLE CHECK OK: the event-history holder set of every role equals the manifest
    scheduled; ready at: 1789979736
  negative ok: execute-upgrade REGISTRY before 48h reverted (Error: script failed: execute: operation not ready (not scheduled)
attestation written: deployments/attestations/timelock-roles.d5b-rehearsal.before-REGISTRY-execute.json (result PASS)
TIMELOCK ROLE CHECK OK: the event-history holder set of every role equals the manifest
    Registry read-back OK: impl / version / owner / pendingOwner == 0; version = Registry-5.9.0
    BLS three legs unchanged (SP / Registry / DVT): 0x0000000000000000000000000000000000000b15 0x0000000000000000000000000000000000000b15
    Registry: raw slots 0..N-1 byte-identical, N = 74

=== M2 drill: guardian (Safe) pauses; guardian cannot unpause; timelock unpauses after 48h ===
  paused() = true
  negative ok: guardian unpause reverted (Error: Failed to estimate gas: server returned an error response: error code 3: execution reverted: custom error 0x82b42900)
  negative ok: schedule-call (unpause) WITHOUT a roles attestation reverted (Error: script failed: roles attestation: missing (set TL_ROLES_ATTESTATION to the check-timelock-roles.mjs output))
attestation written: deployments/attestations/timelock-roles.d5b-rehearsal.before-M2-unpause.json (result PASS)
TIMELOCK ROLE CHECK OK: the event-history holder set of every role equals the manifest
    roles attestation OK: event-history holder sets == manifest, head block 28
    call scheduled; ready at: 1790152542
  negative ok: execute-call (unpause) before 48h reverted (Error: script failed: execute: operation not ready (not scheduled)
attestation written: deployments/attestations/timelock-roles.d5b-rehearsal.before-M2-unpause-execute.json (result PASS)
TIMELOCK ROLE CHECK OK: the event-history holder set of every role equals the manifest
    roles attestation OK: event-history holder sets == manifest, head block 30
    governed call executed 0xDc64a140Aa3E981100a9becA4E685f962f0cF6C9
  paused() after the timelock's unpause = false

=== final state ===
  SP owner=0x5FC8d32690cc91D4c39d9d3abcBD16989F875707 guardian=0x70997970C51812dc3A010C7d01b50e0d17dc79C8 impl=0x959922be3caee4b8cd9a407cc3ac1c251c2007b1 version="SuperPaymaster-5.5.0"
  Registry owner=0x5FC8d32690cc91D4c39d9d3abcBD16989F875707 impl=0x9a9f2ccfde556a7e9ff0848998aa4a0cfd8863ae version="Registry-5.9.0"
REHEARSAL OK
