# command: /Users/jason/.foundry/bin/forge test --match-path contracts/test/security/PoC_C04_ForcedPostOpOOG.t.sol -vv
# git HEAD: df941d5724dd19fb449beed315154fa0d4b0c3d4 (+ uncommitted changes under contracts/)
# forge: forge Version: 1.7.1
# utc: 2026-09-13T03:43:05Z
# exit code: 0
# (compiler output before line 15 omitted)
Ran 6 tests for contracts/test/security/PoC_C04_ForcedPostOpOOG.t.sol:PoC_C04_ForcedPostOpOOG_Test
[PASS] test_baseline_normalPostOp() (gas: 451778)
Logs:
  baseline operator aPNTs loss 157733400000
  baseline protocolRevenue increase 157733400000
  baseline user xPNTs burned 157733400000
  baseline SP ETH deposit loss 508846

[PASS] test_fix_lowPostOpGasRejected() (gas: 168713)
Logs:
  0x220266b600000000000000000000000000000000000000000000000000000000000000000000000000000000000000000000000000000000000000000000000000000040000000000000000000000000000000000000000000000000000000000000001441413334207369676e6174757265206572726f72000000000000000000000000
  C-04 FIX VERIFIED: low postOpGasLimit op rejected, operator protected

[PASS] test_fix_minGasFloorIsSufficient() (gas: 479495)
Logs:
  C-04 FIX VERIFIED: postOp completes at MIN_POST_OP_GAS on the worst BALANCE path

[PASS] test_fix_minGasFloorIsSufficient_creditPath() (gas: 563087)
[PASS] test_fix_oneBelowFloorRejected() (gas: 165957)
Logs:
  0x220266b600000000000000000000000000000000000000000000000000000000000000000000000000000000000000000000000000000000000000000000000000000040000000000000000000000000000000000000000000000000000000000000001441413334207369676e6174757265206572726f72000000000000000000000000

[PASS] test_fix_verdict() (gas: 511141)
Logs:
  0x220266b600000000000000000000000000000000000000000000000000000000000000000000000000000000000000000000000000000000000000000000000000000040000000000000000000000000000000000000000000000000000000000000001441413334207369676e6174757265206572726f72000000000000000000000000
  C-04 FIX VERIFIED: forced-OOG rejected; baseline operator loss 157733400000

Suite result: ok. 6 passed; 0 failed; 0 skipped; finished in 2.90ms (4.54ms CPU time)

Ran 1 test suite in 10.13ms (2.90ms CPU time): 6 tests passed, 0 failed, 0 skipped (6 total tests)
