Compiling 18 files with Solc 0.8.33
Compiling 137 files with Solc 0.8.33
Solc 0.8.33 finished in 9.04s
Solc 0.8.33 finished in 50.56s
Compiler run successful with warnings:
Warning (2018): Function state mutability can be restricted to view
   --> contracts/src/core/Registry.sol:526:5:
    |
526 |     function _verifyBLS(bytes calldata proof, bytes32 messageHash) internal {
    |     ^ (Relevant source part starts here and spans across multiple lines).

Warning (2018): Function state mutability can be restricted to view
   --> contracts/src/core/Registry.sol:973:5:
    |
973 |     function _authorizeUpgrade(address) internal override onlyOwner { _requireNoPendingOwner(); }
    |     ^^^^^^^^^^^^^^^^^^^^^^^^^^^^^^^^^^^^^^^^^^^^^^^^^^^^^^^^^^^^^^^^^^^^^^^^^^^^^^^^^^^^^^^^^^^^^

Warning (4591): There are more than 256 warnings. Ignoring the rest.
Script ran successfully.

== Logs ==
    roles attestation: head block hash verified against blockhash() 11885228
    roles attestation OK (operator preflight; unsigned, not an enforcement boundary), head block 11885228
    NOTE for Safe signers: the operator preflight above binds only this script run. Before
    signing, re-run check-timelock-roles.mjs at the current head and review the operation.
    broadcaster is not the Safe - submit this from the Safe:
  0x01d5062a00000000000000000000000009df0d2e3722ec0e401fe3819e64278a42ae4de9000000000000000000000000000000000000000000000000000000000000000000000000000000000000000000000000000000000000000000000000000000c00000000000000000000000000000000000000000000000000000000000000000a792c11c37a5fe3cbe2a4b76e05ad21b17f103bb589be92f06755b0aed106bff000000000000000000000000000000000000000000000000000000000002a300000000000000000000000000000000000000000000000000000000000000002476cad834000000000000000000000000000000000000000000000000000000000000000000000000000000000000000000000000000000000000000000000000
  0x2643613799753f2403356e6e85d9ece98542bceba4af2d5f0e47345cda64be5c
