Compiling 7 files with Solc 0.8.33
Solc 0.8.33 finished in 36.03s
Compiler run successful with warnings:
Warning (4591): There are more than 256 warnings. Ignoring the rest.

Ran 1 test for contracts/test/halmos/MintRepayLemma.t.sol:MintRepayLemmaFuzzTest
[PASS] testFuzz_D5c1_lemmaM_mintWithDebtNeverLowersBalance(uint256,uint256,uint256,uint256) (runs: 10000, μ: 627481, ~: 623449)
Suite result: ok. 1 passed; 0 failed; 0 skipped; finished in 1.69s (1.69s CPU time)

Ran 9 tests for contracts/test/halmos/D5c1BoundedFuzz.t.sol:D5c1BoundedFuzzTest
[FAIL: I2 bitmask: 2048 != 0; counterexample: calldata=0x3af9ce2300000000000000000000000000000000000000000000000000000000313ce5677420726174652031653134206578636565647320657665727920636170000001000000000000000000000000000000000000000000000000000000000000009200000000000000000000000000000000000000000000000000000000000037390000000000000000000000000000000000000000000000000000000048567aab000000000000000000000000000000000000000000000000000000000000306e args=[826074471 [8.26e8], 52525618968187996743437716742603643153432159065089443640858657188009885040641 [5.252e76], 146, 14137 [1.413e4], 1213627051 [1.213e9], 12398 [1.239e4]]] testFuzz_D5c1_I2_burnFrom(uint256,uint256,uint256,uint256,uint256,uint256) (runs: 6, μ: 746647, ~: 751423)
[PASS] testFuzz_D5c1_I2_settleLocked(uint256,uint256,uint256,uint256,uint256,bool) (runs: 10000, μ: 753923, ~: 739737)
[FAIL: I2 bitmask: 2048 != 0; counterexample: calldata=0xe320f0310000000169ab129ab77d8500b87c5f05e7ffba9b6221fe428854bcbe98123d2300000000000000000000000000000028479bc23fc2dd91c4bc602e140de320bd00000000000000000000000004659e62cb93c3088b54f2717f74b1cac2e9343d000000000000000000000000000000000001d460a60ff1c066e39fd936b2d78d000000000000000000000000000000000000000000000000000dff08efc2383b0000000000000000000000000000038d148e0d9970dcd6328e72b0bd41a56a6a0000000e7d9ce969559f6ae9f2ae89b2c1c1164cc76bea01b47641eb3b2beb38 args=[38088112508232259194953643360863468905944252973406257059143076691235 [3.808e67], 13706478610390485763500043870508087976125 [1.37e40], 25102135707796633934528934134646211039055131709 [2.51e46], 9499824991897508283496043342124941 [9.499e33], 3939588544542779 [3.939e15], 309343993673030836559642339655020943075946 [3.093e41], 390667839554173590169796433775572922440472650913692295737924194659128 [3.906e68]]] testFuzz_D5c1_I2_transferFrom(uint256,uint256,uint256,uint256,uint256,uint256,uint256) (runs: 11, μ: 773734, ~: 753648)
[PASS] testFuzz_D5c1_I2_tryLockForGas(uint256,uint256,uint256,uint256,uint256,uint256,uint256,bool) (runs: 10000, μ: 766554, ~: 742722)
[PASS] testFuzz_D5c1_I4B_mintWithDebt(uint256,uint256,uint256,uint256,uint256) (runs: 10000, μ: 951606, ~: 955613)
[PASS] test_D5c1_boundary_largestMintWithDebt() (gas: 727324)
[PASS] test_D5c1_boundary_lockAtTheLimitMaxRate() (gas: 891686)
[FAIL: I2 bitmask: 2048 != 0] test_D5c1_boundary_nearMaxBalanceAndAllowance() (gas: 795495)
[PASS] test_D5c1_boundary_uint128Amounts() (gas: 1036664)
Suite result: FAILED. 6 passed; 3 failed; 0 skipped; finished in 1.70s (5.14s CPU time)

Ran 2 test suites in 1.70s (3.39s CPU time): 7 tests passed, 3 failed, 0 skipped (10 total tests)

Failing tests:
Encountered 3 failing tests in contracts/test/halmos/D5c1BoundedFuzz.t.sol:D5c1BoundedFuzzTest
[FAIL: I2 bitmask: 2048 != 0; counterexample: calldata=0x3af9ce2300000000000000000000000000000000000000000000000000000000313ce5677420726174652031653134206578636565647320657665727920636170000001000000000000000000000000000000000000000000000000000000000000009200000000000000000000000000000000000000000000000000000000000037390000000000000000000000000000000000000000000000000000000048567aab000000000000000000000000000000000000000000000000000000000000306e args=[826074471 [8.26e8], 52525618968187996743437716742603643153432159065089443640858657188009885040641 [5.252e76], 146, 14137 [1.413e4], 1213627051 [1.213e9], 12398 [1.239e4]]] testFuzz_D5c1_I2_burnFrom(uint256,uint256,uint256,uint256,uint256,uint256) (runs: 6, μ: 746647, ~: 751423)
[FAIL: I2 bitmask: 2048 != 0; counterexample: calldata=0xe320f0310000000169ab129ab77d8500b87c5f05e7ffba9b6221fe428854bcbe98123d2300000000000000000000000000000028479bc23fc2dd91c4bc602e140de320bd00000000000000000000000004659e62cb93c3088b54f2717f74b1cac2e9343d000000000000000000000000000000000001d460a60ff1c066e39fd936b2d78d000000000000000000000000000000000000000000000000000dff08efc2383b0000000000000000000000000000038d148e0d9970dcd6328e72b0bd41a56a6a0000000e7d9ce969559f6ae9f2ae89b2c1c1164cc76bea01b47641eb3b2beb38 args=[38088112508232259194953643360863468905944252973406257059143076691235 [3.808e67], 13706478610390485763500043870508087976125 [1.37e40], 25102135707796633934528934134646211039055131709 [2.51e46], 9499824991897508283496043342124941 [9.499e33], 3939588544542779 [3.939e15], 309343993673030836559642339655020943075946 [3.093e41], 390667839554173590169796433775572922440472650913692295737924194659128 [3.906e68]]] testFuzz_D5c1_I2_transferFrom(uint256,uint256,uint256,uint256,uint256,uint256,uint256) (runs: 11, μ: 773734, ~: 753648)
[FAIL: I2 bitmask: 2048 != 0] test_D5c1_boundary_nearMaxBalanceAndAllowance() (gas: 795495)

Encountered a total of 3 failing tests, 7 tests succeeded

Tip: Run `forge test --rerun` to retry only the 3 failed tests

Fuzz seed: 0xcda98d58d859dfcc52b71699fb9ed0124709a803c67490f86514114ffa7e9bf5 (use `--fuzz-seed` to reproduce)
# binding: {"bytecode_sha": "5ae9a9c1da46077b9b753969ff51ab100299b27a135cb6967dee79acca3799da", "dirty_src": 1, "family": "xpnts", "git_head": "dac6182b08cb601de4d02ad5cdf533cd64d9b28c", "harness_sha": "56f8867c316ed12dae4d3ca2ed421080e7dac9454749282c76602a4caffbea5a", "lib_sha": "455d76e422c0fedd1b10fcbe6633d2fe701ac0bb8e401b8b3e3c459e70ee3cb1", "out_stale": [], "src_files": {"contracts/src/interfaces/IERC1363.sol": "1245f089e02e84b63c61f0e2105fba9340900ef0605b883a7bbc73530490ee26", "contracts/src/interfaces/IVersioned.sol": "bfc8d3a871afcc530aa814c01e62d61f03ca03412fe87773e9932198563bc83d", "contracts/src/interfaces/v3/IRegistry.sol": "3effca1e9eccdb4c9ad6445a08c6c3a5a74d427b5fdb74e33ff50f5a019e77a1", "contracts/src/tokens/v2/AOAProtocolRegistry.sol": "8d4779fafb15e77bbf1af67005f30448ef14b58e803880be3d3b54458cfcee31", "contracts/src/tokens/v2/GlobalTierSource.sol": "1e27f9ebefb20268bd215cec40a4cbbb5f6fb6a5bf4ee355a80e6bebd32ce3d0", "contracts/src/tokens/v2/ICreditTierSource.sol": "bcffbd4a6ce75e912d1de63a4b9ad9118b1ef6fcb43045c0de6718961abc0fed", "contracts/src/tokens/v2/IxPNTsTokenV2.sol": "297c6c02c713e5073e8f594d66b853c51aff46954432eebfc42589a12a33a115", "contracts/src/tokens/v2/xPNTsFactoryV2.sol": "6fbab27d0accd2cde0acca0abbcb81e43e1eae9897771f298c1d96c557b74de4", "contracts/src/tokens/v2/xPNTsTokenV2.sol": "23ecb3e54795e3e2557b39ccc56ab0d41cf93acb71110d3dc52bb4e00eb31d6d", "contracts/src/tokens/v2/xPNTsTokenV2Ext.sol": "c536cd8f025e7181c7523e6c9ac3dfed8125177ef3195147664e1a845f190d20", "contracts/src/tokens/v2/xPNTsV2Base.sol": "20d1bbda5cc769de35e5c82030779831fec7408a01ac4a50d63e9b7450d7292d"}, "src_sha": "ea1f0b4c3ebcdeb81def0e901097a2fc881d5a754611df7acc3e968d6e07bf50"}
reverted M-EXPL: contracts/src/tokens/v2/xPNTsTokenV2.sol sha256 3e1b80d8a900412c5a12175416fbe36ab476dcc68f88a7ed7406ab33841bbb04
