Compiling 7 files with Solc 0.8.33
Solc 0.8.33 finished in 43.44s
Compiler run successful with warnings:
Warning (4591): There are more than 256 warnings. Ignoring the rest.

Ran 1 test for contracts/test/halmos/MintRepayLemma.t.sol:MintRepayLemmaFuzzTest
[PASS] testFuzz_D5c1_lemmaM_mintWithDebtNeverLowersBalance(uint256,uint256,uint256) (runs: 10000, μ: 624639, ~: 618395)
Suite result: ok. 1 passed; 0 failed; 0 skipped; finished in 3.17s (3.17s CPU time)

Ran 4 tests for contracts/test/halmos/D5c1BoundedFuzz.t.sol:D5c1BoundedFuzzTest
[PASS] testFuzz_D5c1_I2_burnFrom(uint256,uint256,uint256,uint256) (runs: 10000, μ: 681387, ~: 670052)
[PASS] testFuzz_D5c1_I2_settleLocked(uint256,uint256,uint256,bool) (runs: 10000, μ: 729684, ~: 717943)
[PASS] testFuzz_D5c1_I2_transferFrom(uint256,uint256,uint256,uint256,uint256) (runs: 10000, μ: 813067, ~: 818040)
[FAIL: I2 bitmask on tryLockForGas: 1 != 0; counterexample: calldata=0x0c37b8af000000000000000000000000000000000000000000003cdaadb2e22aa5806d810000000000000000000000000000000000000000000000000000000000000001000000000000000000000000000000000000777930c186685fb2ae490fc0bce60000000000000000000000000000000000002334e85d4ee14e982ee393f9189300000000000000000000000000000000000000000000000000000000000000020000000000000000000000000000000000000000000000000000000000000000 args=[287375895495234604264833 [2.873e23], 1, 2423208439736651841339077758598374 [2.423e33], 714076113903430753017978846517395 [7.14e32], 2, false]] testFuzz_D5c1_I2_tryLockForGas(uint256,uint256,uint256,uint256,uint256,bool) (runs: 7, μ: 775504, ~: 756605)
Suite result: FAILED. 3 passed; 1 failed; 0 skipped; finished in 3.18s (9.63s CPU time)

Ran 2 test suites in 3.20s (6.35s CPU time): 4 tests passed, 1 failed, 0 skipped (5 total tests)

Failing tests:
Encountered 1 failing test in contracts/test/halmos/D5c1BoundedFuzz.t.sol:D5c1BoundedFuzzTest
[FAIL: I2 bitmask on tryLockForGas: 1 != 0; counterexample: calldata=0x0c37b8af000000000000000000000000000000000000000000003cdaadb2e22aa5806d810000000000000000000000000000000000000000000000000000000000000001000000000000000000000000000000000000777930c186685fb2ae490fc0bce60000000000000000000000000000000000002334e85d4ee14e982ee393f9189300000000000000000000000000000000000000000000000000000000000000020000000000000000000000000000000000000000000000000000000000000000 args=[287375895495234604264833 [2.873e23], 1, 2423208439736651841339077758598374 [2.423e33], 714076113903430753017978846517395 [7.14e32], 2, false]] testFuzz_D5c1_I2_tryLockForGas(uint256,uint256,uint256,uint256,uint256,bool) (runs: 7, μ: 775504, ~: 756605)

Encountered a total of 1 failing tests, 4 tests succeeded

Tip: Run `forge test --rerun` to retry only the 1 failed test

Fuzz seed: 0xc0651ece714e32c1a6df2c2a593d3b6d63d724600a9bf811d327a47949f88335 (use `--fuzz-seed` to reproduce)
# binding: {"bytecode_sha": "2d1d2d27f574eef53cbc9bb52800646ad0b14facabea8ac560c8585678c67d61", "dirty_src": 1, "family": "xpnts", "git_head": "8f44437d140d24755f8d5a723db7a8dbf66be32f", "harness_sha": "3a54c474da5057e0df40cdd14f20b016027e5d10de47535311f85bdc77a0c831", "lib_sha": "455d76e422c0fedd1b10fcbe6633d2fe701ac0bb8e401b8b3e3c459e70ee3cb1", "out_stale": [], "src_files": {"contracts/src/interfaces/IERC1363.sol": "1245f089e02e84b63c61f0e2105fba9340900ef0605b883a7bbc73530490ee26", "contracts/src/interfaces/IVersioned.sol": "bfc8d3a871afcc530aa814c01e62d61f03ca03412fe87773e9932198563bc83d", "contracts/src/interfaces/v3/IRegistry.sol": "3effca1e9eccdb4c9ad6445a08c6c3a5a74d427b5fdb74e33ff50f5a019e77a1", "contracts/src/tokens/v2/AOAProtocolRegistry.sol": "8d4779fafb15e77bbf1af67005f30448ef14b58e803880be3d3b54458cfcee31", "contracts/src/tokens/v2/GlobalTierSource.sol": "1e27f9ebefb20268bd215cec40a4cbbb5f6fb6a5bf4ee355a80e6bebd32ce3d0", "contracts/src/tokens/v2/ICreditTierSource.sol": "bcffbd4a6ce75e912d1de63a4b9ad9118b1ef6fcb43045c0de6718961abc0fed", "contracts/src/tokens/v2/IxPNTsTokenV2.sol": "297c6c02c713e5073e8f594d66b853c51aff46954432eebfc42589a12a33a115", "contracts/src/tokens/v2/xPNTsFactoryV2.sol": "6fbab27d0accd2cde0acca0abbcb81e43e1eae9897771f298c1d96c557b74de4", "contracts/src/tokens/v2/xPNTsTokenV2.sol": "58bb7c24bf4712636d9d633b075bf698ddc00c0e15f9aedf3b2cfc8ccece3b75", "contracts/src/tokens/v2/xPNTsTokenV2Ext.sol": "c536cd8f025e7181c7523e6c9ac3dfed8125177ef3195147664e1a845f190d20", "contracts/src/tokens/v2/xPNTsV2Base.sol": "20d1bbda5cc769de35e5c82030779831fec7408a01ac4a50d63e9b7450d7292d"}, "src_sha": "dc7bbc8772611dc326768438d0a54f634319a514067c6f5c7b9efcdbd010e71d"}
reverted M-I2: contracts/src/tokens/v2/xPNTsTokenV2.sol sha256 3e1b80d8a900412c5a12175416fbe36ab476dcc68f88a7ed7406ab33841bbb04
