Compiling 9 files with Solc 0.8.33
Solc 0.8.33 finished in 26.98s
Compiler run successful with warnings:
Warning (4591): There are more than 256 warnings. Ignoring the rest.

Ran 1 test for contracts/test/halmos/MintRepayLemma.t.sol:MintRepayLemmaFuzzTest
[FAIL: ERC20InsufficientBalance(0x0000000000000000000000000000000000000B0b, 1, 2); counterexample: calldata=0x90f7bf4b0000000000000000000000000000000000000000000000000000000000000001fffffffffffffffffffffffffffffffffffffffffffffffffffffffffffffffd0000000000000000000000000000000000000000000000000000000000000000 args=[1, 115792089237316195423570985008687907853269984665640564039457584007913129639933 [1.157e77], 0]] testFuzz_D5c1_lemmaM_mintWithDebtNeverLowersBalance(uint256,uint256,uint256) (runs: 120, μ: 623504, ~: 618453)
Suite result: FAILED. 0 passed; 1 failed; 0 skipped; finished in 26.59ms (25.74ms CPU time)

Ran 4 tests for contracts/test/halmos/D5c1BoundedFuzz.t.sol:D5c1BoundedFuzzTest
[PASS] testFuzz_D5c1_I2_burnFrom(uint256,uint256,uint256,uint256) (runs: 10000, μ: 681308, ~: 670052)
[PASS] testFuzz_D5c1_I2_settleLocked(uint256,uint256,uint256,bool) (runs: 10000, μ: 731179, ~: 719441)
[PASS] testFuzz_D5c1_I2_transferFrom(uint256,uint256,uint256,uint256,uint256) (runs: 10000, μ: 814137, ~: 819300)
[PASS] testFuzz_D5c1_I2_tryLockForGas(uint256,uint256,uint256,uint256,uint256,bool) (runs: 10000, μ: 770109, ~: 758399)
Suite result: ok. 4 passed; 0 failed; 0 skipped; finished in 1.89s (7.53s CPU time)

Ran 2 test suites in 1.89s (1.91s CPU time): 4 tests passed, 1 failed, 0 skipped (5 total tests)

Failing tests:
Encountered 1 failing test in contracts/test/halmos/MintRepayLemma.t.sol:MintRepayLemmaFuzzTest
[FAIL: ERC20InsufficientBalance(0x0000000000000000000000000000000000000B0b, 1, 2); counterexample: calldata=0x90f7bf4b0000000000000000000000000000000000000000000000000000000000000001fffffffffffffffffffffffffffffffffffffffffffffffffffffffffffffffd0000000000000000000000000000000000000000000000000000000000000000 args=[1, 115792089237316195423570985008687907853269984665640564039457584007913129639933 [1.157e77], 0]] testFuzz_D5c1_lemmaM_mintWithDebtNeverLowersBalance(uint256,uint256,uint256) (runs: 120, μ: 623504, ~: 618453)

Encountered a total of 1 failing tests, 4 tests succeeded

Tip: Run `forge test --rerun` to retry only the 1 failed test

Fuzz seed: 0xa014f3a37fca3777ecf7e402cff7d80437240318c2302755877c884ff98a8ba9 (use `--fuzz-seed` to reproduce)
# binding: {"bytecode_sha": "0da8c6f7419c698df12e2bfb2ada7b48a807a5ace01aa99bb5bdc9610b97a96a", "dirty_src": 1, "family": "xpnts", "git_head": "8f44437d140d24755f8d5a723db7a8dbf66be32f", "harness_sha": "3a54c474da5057e0df40cdd14f20b016027e5d10de47535311f85bdc77a0c831", "lib_sha": "455d76e422c0fedd1b10fcbe6633d2fe701ac0bb8e401b8b3e3c459e70ee3cb1", "out_stale": [], "src_files": {"contracts/src/interfaces/IERC1363.sol": "1245f089e02e84b63c61f0e2105fba9340900ef0605b883a7bbc73530490ee26", "contracts/src/interfaces/IVersioned.sol": "bfc8d3a871afcc530aa814c01e62d61f03ca03412fe87773e9932198563bc83d", "contracts/src/interfaces/v3/IRegistry.sol": "3effca1e9eccdb4c9ad6445a08c6c3a5a74d427b5fdb74e33ff50f5a019e77a1", "contracts/src/tokens/v2/AOAProtocolRegistry.sol": "8d4779fafb15e77bbf1af67005f30448ef14b58e803880be3d3b54458cfcee31", "contracts/src/tokens/v2/GlobalTierSource.sol": "1e27f9ebefb20268bd215cec40a4cbbb5f6fb6a5bf4ee355a80e6bebd32ce3d0", "contracts/src/tokens/v2/ICreditTierSource.sol": "bcffbd4a6ce75e912d1de63a4b9ad9118b1ef6fcb43045c0de6718961abc0fed", "contracts/src/tokens/v2/IxPNTsTokenV2.sol": "297c6c02c713e5073e8f594d66b853c51aff46954432eebfc42589a12a33a115", "contracts/src/tokens/v2/xPNTsFactoryV2.sol": "6fbab27d0accd2cde0acca0abbcb81e43e1eae9897771f298c1d96c557b74de4", "contracts/src/tokens/v2/xPNTsTokenV2.sol": "3e1b80d8a900412c5a12175416fbe36ab476dcc68f88a7ed7406ab33841bbb04", "contracts/src/tokens/v2/xPNTsTokenV2Ext.sol": "c536cd8f025e7181c7523e6c9ac3dfed8125177ef3195147664e1a845f190d20", "contracts/src/tokens/v2/xPNTsV2Base.sol": "210700f784afa49741f52695ef7228b8557cc8ce883870e1d0f88661e5322ce8"}, "src_sha": "6deef407151d6fab9417e2cb3e544d6345052a1937e0acbfbf9a51f9d8e17c6a"}
reverted M-REPAY: contracts/src/tokens/v2/xPNTsV2Base.sol sha256 20d1bbda5cc769de35e5c82030779831fec7408a01ac4a50d63e9b7450d7292d
