xread: READ-FAILED blockHash (expected hash): exit 1, value '' Error: injected: endpoint B unreachable 
xread: READ-FAILED SP.version (expected string): exit 1, value '' Error: injected: endpoint B unreachable 
xread: READ-FAILED SP.owner (expected address): exit 1, value '' Error: injected: endpoint B unreachable 
xread: READ-FAILED SP.implSlot (expected word): exit 1, value '' Error: injected: endpoint B unreachable 
xread: READ-FAILED SP.APNTS_TOKEN (expected address): exit 1, value '' Error: injected: endpoint B unreachable 
xread: READ-FAILED SP.pendingAPNTsToken (expected address): exit 1, value '' Error: injected: endpoint B unreachable 
xread: READ-FAILED SP.pendingAPNTsTokenEta (expected uint): exit 1, value '' Error: injected: endpoint B unreachable 
xread: READ-FAILED SP.totalTrackedBalance (expected uint): exit 1, value '' Error: injected: endpoint B unreachable 
xread: READ-FAILED SP.operators(OWNER) (expected other): exit 1, value '' Error: injected: endpoint B unreachable 
xread: READ-FAILED SP.operators(ANNI) (expected other): exit 1, value '' Error: injected: endpoint B unreachable 
xread: READ-FAILED EP.depositInfo(SP) (expected other): exit 1, value '' Error: injected: endpoint B unreachable 
xread: READ-FAILED Registry.version (expected string): exit 1, value '' Error: injected: endpoint B unreachable 
xread: READ-FAILED Registry.owner (expected address): exit 1, value '' Error: injected: endpoint B unreachable 
xread: READ-FAILED Registry.implSlot (expected word): exit 1, value '' Error: injected: endpoint B unreachable 
xread: READ-FAILED Safe.VERSION (expected string): exit 1, value '' Error: injected: endpoint B unreachable 
xread: READ-FAILED Safe.owners (expected address[]): exit 1, value '' Error: injected: endpoint B unreachable 
xread: READ-FAILED Safe.threshold (expected uint): exit 1, value '' Error: injected: endpoint B unreachable 
xread: READ-FAILED Safe.nonce (expected uint): exit 1, value '' Error: injected: endpoint B unreachable 
xread: READ-FAILED Safe.guardSlot (expected word): exit 1, value '' Error: injected: endpoint B unreachable 
xread: READ-FAILED Safe.modules (expected other): exit 1, value '' Error: injected: endpoint B unreachable 
xread: READ-FAILED OLD_TL.minDelay (expected uint): exit 1, value '' Error: injected: endpoint B unreachable 
xread: READ-FAILED OLD_TL.proposer(Safe) (expected bool): exit 1, value '' Error: injected: endpoint B unreachable 
xread: READ-FAILED OLD_TL.admin(OWNER) (expected bool): exit 1, value '' Error: injected: endpoint B unreachable 
