No files changed, compilation skipped
Script ran successfully.

== Logs ==
    roles attestation: head block hash verified against blockhash() 11716211
    roles attestation OK (operator preflight; unsigned, not an enforcement boundary), head block 11716211
    [artifact] default artifact OK: SuperPaymaster 0x2Ee9450544064B68f907Fba24a92948287096e49 13571
    [artifact] SuperPaymasterAdmin extension OK (default build; entryPoint/REGISTRY/feed == core) 0xC8cc45f87C4380DC993eA0bcf9f87c9A9fF65320
    SP impl ready (default build, immutables == live, headroom >= 1,024): 0x2Ee9450544064B68f907Fba24a92948287096e49 13571
    scheduled; ready at: 1789900414
  0xa04eb9ca38713677d3b6a23f592950624b18ec0a8f333f76f97442e6b7f8b433

## Setting up 1 EVM.

==========================

Chain 11155111

Estimated gas price: 0.519175454 gwei

Estimated total gas used for script: 78698

Estimated amount required: 0.000040858069878892 ETH

==========================


==========================

ONCHAIN EXECUTION COMPLETE & SUCCESSFUL.

Transactions saved to: /Users/jason/Dev/aastar/SuperPaymaster/broadcast/UpgradeViaTimelock.s.sol/11155111/run-latest.json

Sensitive values saved to: /Users/jason/Dev/aastar/SuperPaymaster/cache/UpgradeViaTimelock.s.sol/11155111/run-latest.json

