
=== provenance ===
  script commit: 045a896299cdb0119d2f53f709409806ea366f7b
  contracts/src vs v5.5.0-rc.2 peeled commit 1ac0e1c5: IDENTICAL
  forge: forge Version: 1.7.1; anvil: anvil Version: 1.7.1

=== build reproduces the rc.2 attestation (artifact keccaks) ===
  CHECK [local build == rc.2 attestation] PASS

=== pre-state cross-check at Sepolia block 11884270 on two independent endpoints (read-only) ===
  !!! pre-state cross-check differs or errored (0-prestate-crosscheck.log)

=== fork Sepolia at block 11884270 (local anvil :28647) ===
Error: injected: connection refused
  chainId 11155111 head 11884270 forkBlockHash 
Error: injected: connection refused
  CHECK [fork block hash == endpoint A] PASS: 
  impersonated on the fork: OWNER, ANNI, Safe owners O1/O2 (EOAs). The Safe 0x51eDf11fDb0A4F66220eFb8efA54Eca77232E114 is NOT impersonated.
  readback [Safe.getThreshold] = 2 @block 11884270
  CHECK [Safe threshold (fork)] PASS: 2
  readback [Safe.getOwners] = [0x871608cBA092105b91e91295A1d79fFC539BFb48, 0xBB05d2E9890BceC6141e40A1066bf8927169b75E, 0x8c3499252232105A1615767C459DB9BBbf1273D6] @block 11884270
  CHECK [Safe owners (fork)] PASS: [0x871608cBA092105b91e91295A1d79fFC539BFb48, 0xBB05d2E9890BceC6141e40A1066bf8927169b75E, 0x8c3499252232105A1615767C459DB9BBbf1273D6]
  readback [Safe guard slot] = 0x0000000000000000000000000000000000000000000000000000000000000000 @block 11884270
  CHECK [Safe guard slot empty] PASS: 0x0000000000000000000000000000000000000000000000000000000000000000
HARNESS VERDICT: FAILURES=1 bang-lines=1
