# D5c1 partitioned run
# part: transferFrom-23b872dd (D5C1_PART=599290589)
# command: D5C1_PART=599290589 halmos --contract XPNTsV2I2HalmosTest --function check_I2_extAbi --panic-error-codes * --default-bytes-lengths 0,65 --statistics
# git_head: 3c28ec21e25c7944fda6380aff40c8d289724cf5
# tree_note: -
# (trimmed: 5510 lines of compiler / Halmos parse warnings omitted)
Running 1 tests for contracts/test/halmos/XPNTsV2Halmos.t.sol:XPNTsV2I2HalmosTest
setup: 0.09s (decode: 0.06s, run: 0.03s)
[31mCounterexample: 
    halmos_hFree_bytes32_bc98fe8_63 = 0x00
    halmos_sender_address_7a3b45d_03 = 0x8000000000000000000000000000000000000000
    halmos_spenderCell_address_12ad532_02 = 0x8000000000000000000000000000000000000000
    halmos_victim_address_c58af07_01 = 0x6000000000000000000000000000000000000000
    p_from_address_745c2aa_59 = 0x2000000000000000000000000000000000000000
    p_to_address_8e2c4aa_60 = 0x6000000000000000000000000000000000000000
    p_value_uint256_af51102_61 = 0x8000000000000000000000000000000000000000000000000000000000000000[0m
[31mCounterexample: 
    halmos_hFree_bytes32_bc98fe8_63 = 0x00
    halmos_sender_address_7a3b45d_03 = 0x8000000000000000000000000000000000000000
    halmos_spenderCell_address_12ad532_02 = 0x8000000000000000000000000000000000000000
    halmos_victim_address_c58af07_01 = 0x4000000000000000000000000000000000000000
    p_from_address_745c2aa_59 = 0xc000000000000000000000000000000000000000
    p_to_address_8e2c4aa_60 = 0x4000000000000000000000000000000000000000
    p_value_uint256_af51102_61 = 0x47ffc00000008000000000000000000000000000000000000000000000000000[0m
[31mCounterexample: 
    halmos_hFree_bytes32_bc98fe8_63 = 0x00
    halmos_sender_address_7a3b45d_03 = 0x8000000000000000000000000000000000000000
    halmos_spenderCell_address_12ad532_02 = 0x8000000000000000000000000000000000000000
    halmos_victim_address_c58af07_01 = 0x6000000000000000000000000000000000000000
    p_from_address_745c2aa_59 = 0x2000000000000000000000000000000000000000
    p_to_address_8e2c4aa_60 = 0x6000000000000000000000000000000000000000
    p_value_uint256_af51102_61 = 0x8000000000000000000000000000000000000000000000000000000000000000[0m
[31mCounterexample: 
    halmos_hFree_bytes32_bc98fe8_63 = 0x00
    halmos_sender_address_7a3b45d_03 = 0x8000000000000000000000000000000000000000
    halmos_spenderCell_address_12ad532_02 = 0x8000000000000000000000000000000000000000
    halmos_victim_address_c58af07_01 = 0x4000000000000000000000000000000000000000
    p_from_address_745c2aa_59 = 0xc000000000000000000000000000000000000000
    p_to_address_8e2c4aa_60 = 0x4000000000000000000000000000000000000000
    p_value_uint256_af51102_61 = 0xc0fffffffffa0000000000000000000000000000000000000000000000000000[0m
[31m[FAIL][0m check_I2_extAbi() (paths: 4492, time: 3982.71s (paths: 2294.57s, models: 1688.14s), bounds: [])
Symbolic test result: 0 passed; 1 failed; time: 3982.89s

[time] total: 3999.43s (build: 3.69s, load: 12.83s, tests: 3982.91s)

# exit_code: 1  wall_seconds: 5674
