Compiling 137 files with Solc 0.8.33
Compiling 18 files with Solc 0.8.33
Solc 0.8.33 finished in 3.30s
Solc 0.8.33 finished in 38.73s
Compiler run successful with warnings:
Warning (4591): There are more than 256 warnings. Ignoring the rest.
Warning (2018): Function state mutability can be restricted to view
   --> contracts/src/core/Registry.sol:526:5:
    |
526 |     function _verifyBLS(bytes calldata proof, bytes32 messageHash) internal {
    |     ^ (Relevant source part starts here and spans across multiple lines).

Warning (2018): Function state mutability can be restricted to view
   --> contracts/src/core/Registry.sol:973:5:
    |
973 |     function _authorizeUpgrade(address) internal override onlyOwner { _requireNoPendingOwner(); }
    |     ^^^^^^^^^^^^^^^^^^^^^^^^^^^^^^^^^^^^^^^^^^^^^^^^^^^^^^^^^^^^^^^^^^^^^^^^^^^^^^^^^^^^^^^^^^^^^

Script ran successfully.

== Logs ==
    roles attestation: head block hash verified against blockhash() 11882039
    roles attestation OK (operator preflight; unsigned, not an enforcement boundary), head block 11882039
    [artifact] default artifact OK: Registry 0x6b1c9f8555FEE910C5c8CbdBac036D00bA94BB87 23306
    Registry impl ready (default build, runs=200): 0x6b1c9f8555FEE910C5c8CbdBac036D00bA94BB87 23306
    NOTE for Safe signers: the operator preflight above binds only this script run. Before
    signing, re-run check-timelock-roles.mjs at the current head and review the operation.
    broadcaster is not the Safe - submit this from the Safe:
  0x134008d3000000000000000000000000f5bf37ca83afdaab73691ba7eccdfa69b8708e71000000000000000000000000000000000000000000000000000000000000000000000000000000000000000000000000000000000000000000000000000000a00000000000000000000000000000000000000000000000000000000000000000514aa52b89a4319971803c25f7d7f6b73e7b8617b19176065f23a89af5490db400000000000000000000000000000000000000000000000000000000000000644f1ef2860000000000000000000000006b1c9f8555fee910c5c8cbdbac036d00ba94bb870000000000000000000000000000000000000000000000000000000000000040000000000000000000000000000000000000000000000000000000000000000000000000000000000000000000000000000000000000000000000000
