Compiling 146 files with Solc 0.8.33
Compiling 18 files with Solc 0.8.33
Solc 0.8.33 finished in 3.59s
Solc 0.8.33 finished in 38.91s
Compiler run successful with warnings:
Warning (4591): There are more than 256 warnings. Ignoring the rest.
Warning (2018): Function state mutability can be restricted to view
   --> contracts/src/core/Registry.sol:526:5:
    |
526 |     function _verifyBLS(bytes calldata proof, bytes32 messageHash) internal {
    |     ^ (Relevant source part starts here and spans across multiple lines).

Warning (2018): Function state mutability can be restricted to view
   --> contracts/src/core/Registry.sol:973:5:
    |
973 |     function _authorizeUpgrade(address) internal override onlyOwner { _requireNoPendingOwner(); }
    |     ^^^^^^^^^^^^^^^^^^^^^^^^^^^^^^^^^^^^^^^^^^^^^^^^^^^^^^^^^^^^^^^^^^^^^^^^^^^^^^^^^^^^^^^^^^^^^


Ran 1 test for contracts/test/v2/SuperPaymasterRc1Rc2MidBundle.t.sol:SuperPaymasterRc1Rc2MidBundleTest
[FAIL: exact rc.1->rc.2: exact aGas under the validation-time gas snapshot: 128000000000000000000 != 41000000000000000000] test_exact_forward_rc1ctx_settledByRc2() (gas: 30701126)
Suite result: FAILED. 0 passed; 1 failed; 0 skipped; finished in 6.35ms (4.40ms CPU time)

Ran 1 test suite in 24.62ms (6.35ms CPU time): 0 tests passed, 1 failed, 0 skipped (1 total tests)

Failing tests:
Encountered 1 failing test in contracts/test/v2/SuperPaymasterRc1Rc2MidBundle.t.sol:SuperPaymasterRc1Rc2MidBundleTest
[FAIL: exact rc.1->rc.2: exact aGas under the validation-time gas snapshot: 128000000000000000000 != 41000000000000000000] test_exact_forward_rc1ctx_settledByRc2() (gas: 30701126)

Encountered a total of 1 failing tests, 0 tests succeeded

Tip: Run `forge test --rerun` to retry only the 1 failed test
