Compiling 146 files with Solc 0.8.33
Compiling 18 files with Solc 0.8.33
Solc 0.8.33 finished in 4.10s
Solc 0.8.33 finished in 49.37s
Compiler run successful with warnings:
Warning (4591): There are more than 256 warnings. Ignoring the rest.
Warning (2018): Function state mutability can be restricted to view
   --> contracts/src/core/Registry.sol:526:5:
    |
526 |     function _verifyBLS(bytes calldata proof, bytes32 messageHash) internal {
    |     ^ (Relevant source part starts here and spans across multiple lines).

Warning (2018): Function state mutability can be restricted to view
   --> contracts/src/core/Registry.sol:973:5:
    |
973 |     function _authorizeUpgrade(address) internal override onlyOwner { _requireNoPendingOwner(); }
    |     ^^^^^^^^^^^^^^^^^^^^^^^^^^^^^^^^^^^^^^^^^^^^^^^^^^^^^^^^^^^^^^^^^^^^^^^^^^^^^^^^^^^^^^^^^^^^^


Ran 1 test for contracts/test/v2/SuperPaymasterRc1Rc2MidBundle.t.sol:SuperPaymasterRc1Rc2MidBundleTest
[FAIL: exact rc.2->rc.1: exact aGas under the validation-time gas snapshot: 128000000000000000000 != 41000000000000000000] test_exact_rollback_rc2ctx_settledByRc1() (gas: 30700925)
Suite result: FAILED. 0 passed; 1 failed; 0 skipped; finished in 19.45ms (15.17ms CPU time)

Ran 1 test suite in 31.26ms (19.45ms CPU time): 0 tests passed, 1 failed, 0 skipped (1 total tests)

Failing tests:
Encountered 1 failing test in contracts/test/v2/SuperPaymasterRc1Rc2MidBundle.t.sol:SuperPaymasterRc1Rc2MidBundleTest
[FAIL: exact rc.2->rc.1: exact aGas under the validation-time gas snapshot: 128000000000000000000 != 41000000000000000000] test_exact_rollback_rc2ctx_settledByRc1() (gas: 30700925)

Encountered a total of 1 failing tests, 0 tests succeeded

Tip: Run `forge test --rerun` to retry only the 1 failed test
