Compiling 147 files with Solc 0.8.33
Compiling 18 files with Solc 0.8.33
Solc 0.8.33 finished in 3.33s
Solc 0.8.33 finished in 34.35s
Compiler run successful with warnings:
Warning (4591): There are more than 256 warnings. Ignoring the rest.
Warning (2018): Function state mutability can be restricted to view
   --> contracts/src/core/Registry.sol:526:5:
    |
526 |     function _verifyBLS(bytes calldata proof, bytes32 messageHash) internal {
    |     ^ (Relevant source part starts here and spans across multiple lines).

Warning (2018): Function state mutability can be restricted to view
   --> contracts/src/core/Registry.sol:973:5:
    |
973 |     function _authorizeUpgrade(address) internal override onlyOwner { _requireNoPendingOwner(); }
    |     ^^^^^^^^^^^^^^^^^^^^^^^^^^^^^^^^^^^^^^^^^^^^^^^^^^^^^^^^^^^^^^^^^^^^^^^^^^^^^^^^^^^^^^^^^^^^^


Warning: the following cheatcode(s) are deprecated and will be removed in future versions:
  revertTo(uint256): replaced by `revertToState`
  snapshot(): replaced by `snapshotState`
Ran 4 tests for contracts/test/v2/SuperPaymasterRc1Rc2MidBundle.t.sol:SuperPaymasterRc1Rc2MidBundleTest
[PASS] test_control_rc1_stays_chargesLiveFee() (gas: 31023645)
[PASS] test_control_rc2_stays_chargesSnapshotFee() (gas: 31023897)
[PASS] test_rc1_to_rc2_forward_mid_bundle() (gas: 31259487)
[PASS] test_rc2_to_rc1_rollback_mid_bundle() (gas: 31259466)
Suite result: ok. 4 passed; 0 failed; 0 skipped; finished in 19.25ms (38.10ms CPU time)

Ran 1 test suite in 30.92ms (19.25ms CPU time): 4 tests passed, 0 failed, 0 skipped (4 total tests)
