Compiling 151 files with Solc 0.8.33
Compiling 18 files with Solc 0.8.33
Solc 0.8.33 finished in 3.78s
Solc 0.8.33 finished in 116.62s
Compiler run successful with warnings:
Warning (4591): There are more than 256 warnings. Ignoring the rest.
Warning (2018): Function state mutability can be restricted to view
   --> contracts/src/core/Registry.sol:526:5:
    |
526 |     function _verifyBLS(bytes calldata proof, bytes32 messageHash) internal {
    |     ^ (Relevant source part starts here and spans across multiple lines).

Warning (2018): Function state mutability can be restricted to view
   --> contracts/src/core/Registry.sol:973:5:
    |
973 |     function _authorizeUpgrade(address) internal override onlyOwner { _requireNoPendingOwner(); }
    |     ^^^^^^^^^^^^^^^^^^^^^^^^^^^^^^^^^^^^^^^^^^^^^^^^^^^^^^^^^^^^^^^^^^^^^^^^^^^^^^^^^^^^^^^^^^^^^


Warning: the following cheatcode(s) are deprecated and will be removed in future versions:
  snapshot(): replaced by `snapshotState`
  revertTo(uint256): replaced by `revertToState`
Ran 2 tests for contracts/test/v2/SuperPaymasterD5bUpgradeRace.t.sol:SuperPaymasterD5bUpgradeRaceTest
[PASS] test_d5b_forward_mid_bundle_upgrade_with_extension_calls() (gas: 28509539)
[PASS] test_d5b_rollback_mid_bundle_with_extension_calls() (gas: 28701937)
Suite result: ok. 2 passed; 0 failed; 0 skipped; finished in 29.24ms (15.98ms CPU time)

Warning: the following cheatcode(s) are deprecated and will be removed in future versions:
  revertTo(uint256): replaced by `revertToState`
  snapshot(): replaced by `snapshotState`
Ran 2 tests for contracts/test/v2/SuperPaymasterV542ToRc2MidBundle.t.sol:SuperPaymasterV542ToRc2MidBundleTest
[PASS] test_control_v542_stays_settlesNormally() (gas: 14700525)
[PASS] test_v542_to_rc2_forward_mid_bundle_inflightOpsFail() (gas: 14694258)
Suite result: ok. 2 passed; 0 failed; 0 skipped; finished in 38.39ms (26.63ms CPU time)

Warning: the following cheatcode(s) are deprecated and will be removed in future versions:
  snapshot(): replaced by `snapshotState`
  revertTo(uint256): replaced by `revertToState`
Ran 2 tests for contracts/test/v2/SuperPaymasterV55UpgradeRace.t.sol:SuperPaymasterV55UpgradeRaceTest
[PASS] test_mid_bundle_rollback_to_5_5_0_settles_contexts_of_the_new_impl() (gas: 28213266)
[PASS] test_mid_bundle_upgrade_from_5_5_0_settles_contexts_of_the_old_impl() (gas: 27964440)
Suite result: ok. 2 passed; 0 failed; 0 skipped; finished in 45.45ms (23.53ms CPU time)

Ran 8 tests for contracts/test/v2/SuperPaymasterFeeSnapshot.t.sol:SuperPaymasterFeeSnapshotTest
[PASS] test_feeSnapshot_boundary_feeMax_roundTrips() (gas: 25794900)
[PASS] test_feeSnapshot_boundary_feeZero_roundTrips() (gas: 25826283)
[PASS] test_feeSnapshot_feeLoweredMidBundle_chargesValidationFee() (gas: 26258572)
[PASS] test_feeSnapshot_feeRaisedMidBundle_chargesValidationFee() (gas: 26281125)
[PASS] test_feeSnapshot_forward_prevReleaseContext_usesLiveFee() (gas: 26276312)
[PASS] test_feeSnapshot_legacy352_usesLiveFee() (gas: 25806408)
[PASS] test_feeSnapshot_legacy384_zeroFeeBits_usesLiveFee() (gas: 25806445)
[PASS] test_feeSnapshot_rollback_prevReleaseSettlesNewContext() (gas: 26296297)
Suite result: ok. 8 passed; 0 failed; 0 skipped; finished in 59.90ms (43.76ms CPU time)

Warning: the following cheatcode(s) are deprecated and will be removed in future versions:
  snapshot(): replaced by `snapshotState`
  revertTo(uint256): replaced by `revertToState`
Ran 6 tests for contracts/test/v2/SuperPaymasterRc1Rc2MidBundle.t.sol:SuperPaymasterRc1Rc2MidBundleTest
[PASS] test_control_rc1_stays_chargesLiveFee() (gas: 31130235)
[PASS] test_control_rc2_stays_chargesSnapshotFee() (gas: 31130486)
[PASS] test_exact_forward_rc1ctx_settledByRc2() (gas: 30540264)
[PASS] test_exact_rollback_rc2ctx_settledByRc1() (gas: 30540063)
[PASS] test_rc1_to_rc2_forward_mid_bundle() (gas: 31366107)
[PASS] test_rc2_to_rc1_rollback_mid_bundle() (gas: 31366074)
Suite result: ok. 6 passed; 0 failed; 0 skipped; finished in 59.92ms (72.01ms CPU time)

Ran 5 test suites in 68.73ms (232.90ms CPU time): 20 tests passed, 0 failed, 0 skipped (20 total tests)
