Compiling 18 files with Solc 0.8.33
Compiling 150 files with Solc 0.8.33
Solc 0.8.33 finished in 2.86s
Solc 0.8.33 finished in 51.90s
Compiler run successful with warnings:
Warning (4591): There are more than 256 warnings. Ignoring the rest.
Warning (2018): Function state mutability can be restricted to view
   --> contracts/src/core/Registry.sol:526:5:
    |
526 |     function _verifyBLS(bytes calldata proof, bytes32 messageHash) internal {
    |     ^ (Relevant source part starts here and spans across multiple lines).

Warning (2018): Function state mutability can be restricted to view
   --> contracts/src/core/Registry.sol:973:5:
    |
973 |     function _authorizeUpgrade(address) internal override onlyOwner { _requireNoPendingOwner(); }
    |     ^^^^^^^^^^^^^^^^^^^^^^^^^^^^^^^^^^^^^^^^^^^^^^^^^^^^^^^^^^^^^^^^^^^^^^^^^^^^^^^^^^^^^^^^^^^^^


Warning: the following cheatcode(s) are deprecated and will be removed in future versions:
  revertTo(uint256): replaced by `revertToState`
  snapshot(): replaced by `snapshotState`
Ran 2 tests for contracts/test/v2/SuperPaymasterD5bUpgradeRace.t.sol:SuperPaymasterD5bUpgradeRaceTest
[PASS] test_d5b_forward_mid_bundle_upgrade_with_extension_calls() (gas: 28509539)
[PASS] test_d5b_rollback_mid_bundle_with_extension_calls() (gas: 28701937)
Suite result: ok. 2 passed; 0 failed; 0 skipped; finished in 14.23ms (8.03ms CPU time)

Warning: the following cheatcode(s) are deprecated and will be removed in future versions:
  snapshot(): replaced by `snapshotState`
  revertTo(uint256): replaced by `revertToState`
Ran 2 tests for contracts/test/v2/SuperPaymasterV55UpgradeRace.t.sol:SuperPaymasterV55UpgradeRaceTest
[PASS] test_mid_bundle_rollback_to_5_5_0_settles_contexts_of_the_new_impl() (gas: 28213266)
[PASS] test_mid_bundle_upgrade_from_5_5_0_settles_contexts_of_the_old_impl() (gas: 27964440)
Suite result: ok. 2 passed; 0 failed; 0 skipped; finished in 28.36ms (32.16ms CPU time)

Warning: the following cheatcode(s) are deprecated and will be removed in future versions:
  snapshot(): replaced by `snapshotState`
  revertTo(uint256): replaced by `revertToState`
Ran 4 tests for contracts/test/v2/SuperPaymasterRc1Rc2MidBundle.t.sol:SuperPaymasterRc1Rc2MidBundleTest
[PASS] test_control_rc1_stays_chargesLiveFee() (gas: 31023645)
[PASS] test_control_rc2_stays_chargesSnapshotFee() (gas: 31023897)
[PASS] test_rc1_to_rc2_forward_mid_bundle() (gas: 31259487)
[PASS] test_rc2_to_rc1_rollback_mid_bundle() (gas: 31259466)
Suite result: ok. 4 passed; 0 failed; 0 skipped; finished in 31.31ms (36.84ms CPU time)

Ran 8 tests for contracts/test/v2/SuperPaymasterFeeSnapshot.t.sol:SuperPaymasterFeeSnapshotTest
[PASS] test_feeSnapshot_boundary_feeMax_roundTrips() (gas: 25794900)
[PASS] test_feeSnapshot_boundary_feeZero_roundTrips() (gas: 25826283)
[PASS] test_feeSnapshot_feeLoweredMidBundle_chargesValidationFee() (gas: 26258572)
[PASS] test_feeSnapshot_feeRaisedMidBundle_chargesValidationFee() (gas: 26281125)
[PASS] test_feeSnapshot_forward_prevReleaseContext_usesLiveFee() (gas: 26276312)
[PASS] test_feeSnapshot_legacy352_usesLiveFee() (gas: 25806408)
[PASS] test_feeSnapshot_legacy384_zeroFeeBits_usesLiveFee() (gas: 25806445)
[PASS] test_feeSnapshot_rollback_prevReleaseSettlesNewContext() (gas: 26296297)
Suite result: ok. 8 passed; 0 failed; 0 skipped; finished in 28.88ms (39.79ms CPU time)

Ran 4 test suites in 38.54ms (102.77ms CPU time): 16 tests passed, 0 failed, 0 skipped (16 total tests)
